[    0.000000] Initializing cgroup subsys cpuset
[    0.000000] Initializing cgroup subsys cpu
[    0.000000] Initializing cgroup subsys cpuacct
[    0.000000] Linux version 4.4.0-141-generic (buildd@lcy01-amd64-006) (gcc version 5.4.0 20160609 (Ubuntu 5.4.0-6ubuntu1~16.04.10) ) #167-Ubuntu SMP Wed Dec 5 10:40:15 UTC 2018 (Ubuntu 4.4.0-141.167-generic 4.4.162)
[    0.000000] Command line: BOOT_IMAGE=/boot/vmlinuz-4.4.0-141-generic root=LABEL=cloudimg-rootfs ro console=tty1 console=ttyS0
[    0.000000] KERNEL supported cpus:
[    0.000000]   Intel GenuineIntel
[    0.000000]   AMD AuthenticAMD
[    0.000000]   Centaur CentaurHauls
[    0.000000] x86/fpu: xstate_offset[2]:  576, xstate_sizes[2]:  256
[    0.000000] x86/fpu: Supporting XSAVE feature 0x01: 'x87 floating point registers'
[    0.000000] x86/fpu: Supporting XSAVE feature 0x02: 'SSE registers'
[    0.000000] x86/fpu: Supporting XSAVE feature 0x04: 'AVX registers'
[    0.000000] x86/fpu: Enabled xstate features 0x7, context size is 832 bytes, using 'standard' format.
[    0.000000] e820: BIOS-provided physical RAM map:
[    0.000000] BIOS-e820: [mem 0x0000000000000000-0x000000000009fbff] usable
[    0.000000] BIOS-e820: [mem 0x000000000009fc00-0x000000000009ffff] reserved
[    0.000000] BIOS-e820: [mem 0x00000000000f0000-0x00000000000fffff] reserved
[    0.000000] BIOS-e820: [mem 0x0000000000100000-0x000000007ffeffff] usable
[    0.000000] BIOS-e820: [mem 0x000000007fff0000-0x000000007fffffff] ACPI data
[    0.000000] BIOS-e820: [mem 0x00000000fec00000-0x00000000fec00fff] reserved
[    0.000000] BIOS-e820: [mem 0x00000000fee00000-0x00000000fee00fff] reserved
[    0.000000] BIOS-e820: [mem 0x00000000fffc0000-0x00000000ffffffff] reserved
[    0.000000] NX (Execute Disable) protection: active
[    0.000000] SMBIOS 2.5 present.
[    0.000000] Hypervisor detected: KVM
[    0.000000] e820: last_pfn = 0x7fff0 max_arch_pfn = 0x400000000
[    0.000000] MTRR: Disabled
[    0.000000] x86/PAT: MTRRs disabled, skipping PAT initialization too.
[    0.000000] CPU MTRRs all blank - virtualized system.
[    0.000000] x86/PAT: Configuration [0-7]: WB  WT  UC- UC  WB  WT  UC- UC  
[    0.000000] found SMP MP-table at [mem 0x0009fff0-0x0009ffff] mapped at [ffff88000009fff0]
[    0.000000] Scanning 1 areas for low memory corruption
[    0.000000] RAMDISK: [mem 0x36308000-0x3717bfff]
[    0.000000] ACPI: Early table checksum verification disabled
[    0.000000] ACPI: RSDP 0x00000000000E0000 000024 (v02 VBOX  )
[    0.000000] ACPI: XSDT 0x000000007FFF0030 00003C (v01 VBOX   VBOXXSDT 00000001 ASL  00000061)
[    0.000000] ACPI: FACP 0x000000007FFF00F0 0000F4 (v04 VBOX   VBOXFACP 00000001 ASL  00000061)
[    0.000000] ACPI: DSDT 0x000000007FFF0470 0022EA (v02 VBOX   VBOXBIOS 00000002 INTL 20100528)
[    0.000000] ACPI: FACS 0x000000007FFF0200 000040
[    0.000000] ACPI: FACS 0x000000007FFF0200 000040
[    0.000000] ACPI: APIC 0x000000007FFF0240 000054 (v02 VBOX   VBOXAPIC 00000001 ASL  00000061)
[    0.000000] ACPI: SSDT 0x000000007FFF02A0 0001CC (v01 VBOX   VBOXCPUT 00000002 INTL 20100528)
[    0.000000] No NUMA configuration found
[    0.000000] Faking a node at [mem 0x0000000000000000-0x000000007ffeffff]
[    0.000000] NODE_DATA(0) allocated [mem 0x7ffeb000-0x7ffeffff]
[    0.000000] kvm-clock: Using msrs 4b564d01 and 4b564d00
[    0.000000] kvm-clock: cpu 0, msr 0:7ffe3001, primary cpu clock
[    0.000000] kvm-clock: using sched offset of 7732236628 cycles
[    0.000000] clocksource: kvm-clock: mask: 0xffffffffffffffff max_cycles: 0x1cd42e4dffb, max_idle_ns: 881590591483 ns
[    0.000000] Zone ranges:
[    0.000000]   DMA      [mem 0x0000000000001000-0x0000000000ffffff]
[    0.000000]   DMA32    [mem 0x0000000001000000-0x000000007ffeffff]
[    0.000000]   Normal   empty
[    0.000000]   Device   empty
[    0.000000] Movable zone start for each node
[    0.000000] Early memory node ranges
[    0.000000]   node   0: [mem 0x0000000000001000-0x000000000009efff]
[    0.000000]   node   0: [mem 0x0000000000100000-0x000000007ffeffff]
[    0.000000] Initmem setup node 0 [mem 0x0000000000001000-0x000000007ffeffff]
[    0.000000] ACPI: PM-Timer IO Port: 0x4008
[    0.000000] IOAPIC[0]: apic_id 1, version 32, address 0xfec00000, GSI 0-23
[    0.000000] ACPI: INT_SRC_OVR (bus 0 bus_irq 0 global_irq 2 dfl dfl)
[    0.000000] ACPI: INT_SRC_OVR (bus 0 bus_irq 9 global_irq 9 low level)
[    0.000000] Using ACPI (MADT) for SMP configuration information
[    0.000000] smpboot: Allowing 1 CPUs, 0 hotplug CPUs
[    0.000000] PM: Registered nosave memory: [mem 0x00000000-0x00000fff]
[    0.000000] PM: Registered nosave memory: [mem 0x0009f000-0x0009ffff]
[    0.000000] PM: Registered nosave memory: [mem 0x000a0000-0x000effff]
[    0.000000] PM: Registered nosave memory: [mem 0x000f0000-0x000fffff]
[    0.000000] e820: [mem 0x80000000-0xfebfffff] available for PCI devices
[    0.000000] Booting paravirtualized kernel on KVM
[    0.000000] clocksource: refined-jiffies: mask: 0xffffffff max_cycles: 0xffffffff, max_idle_ns: 7645519600211568 ns
[    0.000000] setup_percpu: NR_CPUS:512 nr_cpumask_bits:512 nr_cpu_ids:1 nr_node_ids:1
[    0.000000] PERCPU: Embedded 34 pages/cpu @ffff88007fc00000 s99608 r8192 d31464 u2097152
[    0.000000] PV qspinlock hash table entries: 256 (order: 0, 4096 bytes)
[    0.000000] Built 1 zonelists in Node order, mobility grouping on.  Total pages: 515960
[    0.000000] Policy zone: DMA32
[    0.000000] Kernel command line: BOOT_IMAGE=/boot/vmlinuz-4.4.0-141-generic root=LABEL=cloudimg-rootfs ro console=tty1 console=ttyS0
[    0.000000] PID hash table entries: 4096 (order: 3, 32768 bytes)
[    0.000000] Memory: 2030032K/2096696K available (8568K kernel code, 1314K rwdata, 4008K rodata, 1528K init, 1316K bss, 66664K reserved, 0K cma-reserved)
[    0.000000] SLUB: HWalign=64, Order=0-3, MinObjects=0, CPUs=1, Nodes=1
[    0.000000] Kernel/User page tables isolation: enabled
[    0.000000] Hierarchical RCU implementation.
[    0.000000] 	Build-time adjustment of leaf fanout to 64.
[    0.000000] 	RCU restricting CPUs from NR_CPUS=512 to nr_cpu_ids=1.
[    0.000000] RCU: Adjusting geometry for rcu_fanout_leaf=64, nr_cpu_ids=1
[    0.000000] NR_IRQS:33024 nr_irqs:256 16
[    0.000000] Console: colour VGA+ 80x25
[    0.000000] console [tty1] enabled
[    0.000000] console [ttyS0] enabled
[    0.000000] tsc: Detected 2591.588 MHz processor
[    0.812384] Calibrating delay loop (skipped) preset value.. 5183.17 BogoMIPS (lpj=10366352)
[    0.819816] pid_max: default: 32768 minimum: 301
[    0.823970] ACPI: Core revision 20150930
[    0.837677] ACPI: 2 ACPI AML tables successfully acquired and loaded
[    0.843297] Security Framework initialized
[    0.846996] Yama: becoming mindful.
[    0.850298] AppArmor: AppArmor initialized
[    0.858123] Dentry cache hash table entries: 262144 (order: 9, 2097152 bytes)
[    0.867364] Inode-cache hash table entries: 131072 (order: 8, 1048576 bytes)
[    0.877634] Mount-cache hash table entries: 4096 (order: 3, 32768 bytes)
[    0.882971] Mountpoint-cache hash table entries: 4096 (order: 3, 32768 bytes)
[    0.889253] Initializing cgroup subsys io
[    0.892802] Initializing cgroup subsys memory
[    0.896668] Initializing cgroup subsys devices
[    0.900434] Initializing cgroup subsys freezer
[    0.904335] Initializing cgroup subsys net_cls
[    0.908325] Initializing cgroup subsys perf_event
[    0.912318] Initializing cgroup subsys net_prio
[    0.916188] Initializing cgroup subsys hugetlb
[    0.920102] Initializing cgroup subsys pids
[    0.924741] mce: CPU supports 0 MCE banks
[    0.928374] process: using mwait in idle threads
[    0.932258] Last level iTLB entries: 4KB 512, 2MB 8, 4MB 8
[    0.936590] Last level dTLB entries: 4KB 512, 2MB 32, 4MB 32, 1GB 0
[    0.941414] Spectre V2 : Mitigation: Full generic retpoline
[    0.945869] Spectre V2 : Spectre v2 mitigation: Speculation control IBPB not-supported IBRS not-supported
[    0.952462] Spectre V2 : Spectre v2 / SpectreRSB mitigation: Filling RSB on context switch
[    0.960674] Speculative Store Bypass: Vulnerable
[    1.057128] Freeing SMP alternatives memory: 32K
[    1.111072] ftrace: allocating 32291 entries in 127 pages
[    1.431424] smpboot: APIC(0) Converting physical 0 to logical package 0
[    1.437380] smpboot: Max logical packages: 1
[    1.443223] x2apic enabled
[    1.448364] Switched APIC routing to physical x2apic.
[    1.459573] ..TIMER: vector=0x30 apic1=0 pin1=2 apic2=-1 pin2=-1
[    1.568700] smpboot: CPU0: Intel(R) Core(TM) i5-3320M CPU @ 2.60GHz (family: 0x6, model: 0x3a, stepping: 0x9)
[    1.578946] Performance Events: unsupported p6 CPU model 58 no PMU driver, software events only.
[    1.588332] KVM setup paravirtual spinlock
[    1.594749] x86: Booted up 1 node, 1 CPUs
[    1.599009] smpboot: Total of 1 processors activated (5183.17 BogoMIPS)
[    1.610807] devtmpfs: initialized
[    1.645115] evm: security.selinux
[    1.648962] evm: security.SMACK64
[    1.653268] evm: security.SMACK64EXEC
[    1.657295] evm: security.SMACK64TRANSMUTE
[    1.661500] evm: security.SMACK64MMAP
[    1.665424] evm: security.ima
[    1.668954] evm: security.capability
[    1.673514] clocksource: jiffies: mask: 0xffffffff max_cycles: 0xffffffff, max_idle_ns: 7645041785100000 ns
[    1.682749] futex hash table entries: 256 (order: 2, 16384 bytes)
[    1.688734] pinctrl core: initialized pinctrl subsystem
[    1.694224] RTC time: 23:51:46, date: 01/21/19
[    1.699339] NET: Registered protocol family 16
[    1.704756] cpuidle: using governor ladder
[    1.709053] cpuidle: using governor menu
[    1.713814] PCCT header not found.
[    1.717969] ACPI: bus type PCI registered
[    1.722203] acpiphp: ACPI Hot Plug PCI Controller Driver version: 0.5
[    1.728543] PCI: Using configuration type 1 for base access
[    1.742415] ACPI: Added _OSI(Module Device)
[    1.746706] ACPI: Added _OSI(Processor Device)
[    1.751237] ACPI: Added _OSI(3.0 _SCP Extensions)
[    1.756032] ACPI: Added _OSI(Processor Aggregator Device)
[    1.765552] ACPI: Executed 1 blocks of module-level executable AML code
[    1.787874] ACPI: Interpreter enabled
[    1.791846] ACPI: (supports S0 S5)
[    1.795599] ACPI: Using IOAPIC for interrupt routing
[    1.801621] PCI: Using host bridge windows from ACPI; if necessary, use "pci=nocrs" and report a bug
[    1.835578] ACPI: PCI Root Bridge [PCI0] (domain 0000 [bus 00-ff])
[    1.841264] acpi PNP0A03:00: _OSC: OS supports [ASPM ClockPM Segments MSI]
[    1.849997] acpi PNP0A03:00: _OSC: not requesting OS control; OS requires [ExtendedConfig ASPM ClockPM MSI]
[    1.860098] acpi PNP0A03:00: fail to add MMCONFIG information, can't access extended PCI configuration space under this bridge.
[    1.872125] PCI host bridge to bus 0000:00
[    1.876419] pci_bus 0000:00: root bus resource [io  0x0000-0x0cf7 window]
[    1.882376] pci_bus 0000:00: root bus resource [io  0x0d00-0xffff window]
[    1.888455] pci_bus 0000:00: root bus resource [mem 0x000a0000-0x000bffff window]
[    1.896147] pci_bus 0000:00: root bus resource [mem 0x80000000-0xfdffffff window]
[    1.904011] pci_bus 0000:00: root bus resource [bus 00-ff]
[    1.917255] pci 0000:00:01.1: legacy IDE quirk: reg 0x10: [io  0x01f0-0x01f7]
[    1.923460] pci 0000:00:01.1: legacy IDE quirk: reg 0x14: [io  0x03f6]
[    1.929456] pci 0000:00:01.1: legacy IDE quirk: reg 0x18: [io  0x0170-0x0177]
[    1.935698] pci 0000:00:01.1: legacy IDE quirk: reg 0x1c: [io  0x0376]
[    1.998665] pci 0000:00:07.0: quirk: [io  0x4000-0x403f] claimed by PIIX4 ACPI
[    2.062768] pci 0000:00:07.0: quirk: [io  0x4100-0x410f] claimed by PIIX4 SMB
[    2.107668] ACPI: PCI Interrupt Link [LNKA] (IRQs 5 9 10 *11)
[    2.116898] ACPI: PCI Interrupt Link [LNKB] (IRQs 5 9 *10 11)
[    2.125704] ACPI: PCI Interrupt Link [LNKC] (IRQs 5 *9 10 11)
[    2.135744] ACPI: PCI Interrupt Link [LNKD] (IRQs 5 9 10 *11)
[    2.145785] ACPI: Enabled 2 GPEs in block 00 to 07
[    2.152772] vgaarb: setting as boot device: PCI:0000:00:02.0
[    2.158195] vgaarb: device added: PCI:0000:00:02.0,decodes=io+mem,owns=io+mem,locks=none
[    2.166448] vgaarb: loaded
[    2.169736] vgaarb: bridge control possible 0000:00:02.0
[    2.176243] SCSI subsystem initialized
[    2.180565] ACPI: bus type USB registered
[    2.185307] usbcore: registered new interface driver usbfs
[    2.190635] usbcore: registered new interface driver hub
[    2.195995] usbcore: registered new device driver usb
[    2.201581] PCI: Using ACPI for IRQ routing
[    2.207424] NetLabel: Initializing
[    2.211190] NetLabel:  domain hash size = 128
[    2.215561] NetLabel:  protocols = UNLABELED CIPSOv4
[    2.220629] NetLabel:  unlabeled traffic allowed by default
[    2.226235] amd_nb: Cannot enumerate AMD northbridges
[    2.231137] clocksource: Switched to clocksource kvm-clock
[    2.281905] AppArmor: AppArmor Filesystem Enabled
[    2.287937] pnp: PnP ACPI init
[    2.297042] pnp: PnP ACPI: found 3 devices
[    2.314997] clocksource: acpi_pm: mask: 0xffffff max_cycles: 0xffffff, max_idle_ns: 2085701024 ns
[    2.326197] NET: Registered protocol family 2
[    2.331511] TCP established hash table entries: 16384 (order: 5, 131072 bytes)
[    2.340328] TCP bind hash table entries: 16384 (order: 6, 262144 bytes)
[    2.350135] TCP: Hash tables configured (established 16384 bind 16384)
[    2.357920] UDP hash table entries: 1024 (order: 3, 32768 bytes)
[    2.366725] UDP-Lite hash table entries: 1024 (order: 3, 32768 bytes)
[    2.377241] NET: Registered protocol family 1
[    2.383379] pci 0000:00:00.0: Limiting direct PCI/PCI transfers
[    2.391414] pci 0000:00:01.0: Activating ISA DMA hang workarounds
[    2.399047] Unpacking initramfs...
[    3.628140] Freeing initrd memory: 14800K
[    3.634306] RAPL PMU detected, API unit is 2^-32 Joules, 3 fixed counters 10737418240 ms ovfl timer
[    3.645732] hw unit of domain pp0-core 2^-0 Joules
[    3.652347] hw unit of domain package 2^-0 Joules
[    3.658923] hw unit of domain pp1-gpu 2^-0 Joules
[    3.666662] platform rtc_cmos: registered platform RTC device (no PNP device found)
[    3.678979] Scanning for low memory corruption every 60 seconds
[    3.688321] audit: initializing netlink subsys (disabled)
[    3.695008] audit: type=2000 audit(1548114716.765:1): initialized
[    3.704695] Initialise system trusted keyring
[    3.711733] HugeTLB registered 2 MB page size, pre-allocated 0 pages
[    3.732067] zbud: loaded
[    3.738806] VFS: Disk quotas dquot_6.6.0
[    3.744780] VFS: Dquot-cache hash table entries: 512 (order 0, 4096 bytes)
[    3.754682] squashfs: version 4.0 (2009/01/31) Phillip Lougher
[    3.764754] fuse init (API version 7.23)
[    3.771283] Key type big_key registered
[    3.776410] Allocating IMA MOK and blacklist keyrings.
[    3.784051] Key type asymmetric registered
[    3.789964] Asymmetric key parser 'x509' registered
[    3.797206] Block layer SCSI generic (bsg) driver version 0.4 loaded (major 249)
[    3.807142] io scheduler noop registered
[    3.812078] io scheduler deadline registered (default)
[    3.818608] io scheduler cfq registered
[    3.824621] pci_hotplug: PCI Hot Plug PCI Core version: 0.5
[    3.831909] pciehp: PCI Express Hot Plug Controller Driver version: 0.4
[    3.840005] ACPI: AC Adapter [AC] (off-line)
[    3.846842] input: Power Button as /devices/LNXSYSTM:00/LNXPWRBN:00/input/input0
[    3.857640] ACPI: Power Button [PWRF]
[    3.863237] input: Sleep Button as /devices/LNXSYSTM:00/LNXSLPBN:00/input/input1
[    3.872107] ACPI: Sleep Button [SLPF]
[    3.881124] ACPI: Battery Slot [BAT0] (battery present)
[    3.887291] GHES: HEST is not enabled!
[    3.892614] Serial: 8250/16550 driver, 32 ports, IRQ sharing enabled
 	
 !"#$%&'()*+,-./0123456789:;<=>?@ABCDEFGHIJKLMNOPQRSTUVWXYZ[\]^_`abcdefghijklmnopqrstuvwxyz{|}~ÄÅÇÉÑÖÜáàâäãåçéèêëíìîïñóòôöõúùûü†°¢£§•¶ß®©™´¨≠ÆØ∞±≤≥¥µ∂∑∏π∫ªºΩæø¿¡¬√ƒ≈∆«»… ÀÃÕŒœ–—“”‘’÷◊ÿŸ⁄€‹›ﬁﬂ‡·‚„‰ÂÊÁËÈÍÎÏÌÓÔÒÚÛÙıˆ˜¯˘˙˚¸˝˛ˇ[    3.934938] 00:02: ttyS0 at I/O 0x3f8 (irq = 4, base_baud = 115200) is a 16550A
[    3.950519] Linux agpgart interface v0.103
[    3.965427] loop: module loaded
[    3.973969] scsi host0: ata_piix
[    3.979320] scsi host1: ata_piix
[    3.983752] ata1: PATA max UDMA/33 cmd 0x1f0 ctl 0x3f6 bmdma 0xd000 irq 14
[    3.991635] ata2: PATA max UDMA/33 cmd 0x170 ctl 0x376 bmdma 0xd008 irq 15
[    4.002032] libphy: Fixed MDIO Bus: probed
[    4.007423] tun: Universal TUN/TAP device driver, 1.6
[    4.013461] tun: (C) 1999-2004 Max Krasnyansky <maxk@qualcomm.com>
[    4.020785] PPP generic driver version 2.4.2
[    4.026452] ehci_hcd: USB 2.0 'Enhanced' Host Controller (EHCI) Driver
[    4.034038] ehci-pci: EHCI PCI platform driver
[    4.040100] ehci-platform: EHCI generic platform driver
[    4.046603] ohci_hcd: USB 1.1 'Open' Host Controller (OHCI) Driver
[    4.053647] ohci-pci: OHCI PCI platform driver
[    4.059277] ohci-platform: OHCI generic platform driver
[    4.065407] uhci_hcd: USB Universal Host Controller Interface driver
[    4.073023] i8042: PNP: PS/2 Controller [PNP0303:PS2K,PNP0f03:PS2M] at 0x60,0x64 irq 1,12
[    4.086577] serio: i8042 KBD port at 0x60,0x64 irq 1
[    4.092666] serio: i8042 AUX port at 0x60,0x64 irq 12
[    4.099739] mousedev: PS/2 mouse device common for all mice
[    4.107978] input: AT Translated Set 2 keyboard as /devices/platform/i8042/serio0/input/input2
[    4.120629] rtc_cmos rtc_cmos: rtc core: registered rtc_cmos as rtc0
[    4.128545] rtc_cmos rtc_cmos: alarms up to one day, 114 bytes nvram
[    4.135542] i2c /dev entries driver
[    4.141090] device-mapper: uevent: version 1.0.3
[    4.148098] device-mapper: ioctl: 4.34.0-ioctl (2015-10-28) initialised: dm-devel@redhat.com
[    4.160122] ledtrig-cpu: registered to indicate activity on CPUs
[    4.168675] NET: Registered protocol family 10
[    4.174840] NET: Registered protocol family 17
[    4.180472] Key type dns_resolver registered
[    4.186989] registered taskstats version 1
[    4.192257] Loading compiled-in X.509 certificates
[    4.200669] Loaded X.509 cert 'Build time autogenerated kernel key: 7c9fb337b82e5a343493fe891c556beae1895c7c'
[    4.212507] zswap: loaded using pool lzo/zbud
[    4.225025] Key type trusted registered
[    4.242876] Key type encrypted registered
[    4.248251] AppArmor: AppArmor sha1 policy hashing enabled
[    4.255754] ima: No TPM chip found, activating TPM-bypass!
[    4.262356] ima: Allocated hash algorithm: sha1
[    4.268199] evm: HMAC attrs: 0x1
[    4.273679]   Magic number: 3:328:909
[    4.279294] rtc_cmos rtc_cmos: setting system clock to 2019-01-21 23:51:49 UTC (1548114709)
[    4.289473] BIOS EDD facility v0.16 2004-Jun-25, 0 devices found
[    4.296221] EDD information not available.
[    4.315225] Freeing unused kernel memory: 1528K
[    4.331271] Write protecting the kernel read-only data: 14336k
[    4.339343] Freeing unused kernel memory: 1660K
[    4.344970] Freeing unused kernel memory: 88K
Loading, please wait...
starting version 229
[    4.405860] random: systemd-udevd: uninitialized urandom read (16 bytes read, 4 bits of entropy available)
[    4.416046] random: udevadm: uninitialized urandom read (16 bytes read, 4 bits of entropy available)
[    4.425390] random: systemd-udevd: uninitialized urandom read (16 bytes read, 4 bits of entropy available)
[    4.434860] random: udevadm: uninitialized urandom read (16 bytes read, 4 bits of entropy available)
[    4.443934] random: systemd-udevd: uninitialized urandom read (16 bytes read, 4 bits of entropy available)
[    4.459387] random: systemd-udevd: uninitialized urandom read (16 bytes read, 4 bits of entropy available)
[    4.501515] random: systemd-udevd: uninitialized urandom read (16 bytes read, 4 bits of entropy available)
[    4.519369] random: systemd-udevd: uninitialized urandom read (16 bytes read, 4 bits of entropy available)
[    4.534775] random: udevadm: uninitialized urandom read (16 bytes read, 4 bits of entropy available)
[    4.543890] random: systemd-udevd: uninitialized urandom read (16 bytes read, 4 bits of entropy available)
[    4.879275] Fusion MPT base driver 3.04.20
[    4.884676] Copyright (c) 1999-2008 LSI Corporation
[    4.927507] e1000: Intel(R) PRO/1000 Network Driver - version 7.3.21-k8-NAPI
[    4.935501] e1000: Copyright (c) 1999-2006 Intel Corporation.
[    5.082505] Fusion MPT SPI Host driver 3.04.20
[    5.180191] input: ImExPS/2 Generic Explorer Mouse as /devices/platform/i8042/serio1/input/input4
[    5.226996] AVX version of gcm_enc/dec engaged.
[    5.231611] AES CTR mode by8 optimization enabled
[    5.827001] e1000 0000:00:03.0 eth0: (PCI:33MHz:32-bit) 02:e9:22:0c:6f:83
[    5.832270] e1000 0000:00:03.0 eth0: Intel(R) PRO/1000 Network Connection
[    5.840457] mptbase: ioc0: Initiating bringup
[    5.904437] ioc0: LSI53C1030 A0: Capabilities={Initiator}
[    6.072182] scsi host2: ioc0: LSI53C1030 A0, FwRev=00000000h, Ports=1, MaxQ=256, IRQ=20
[    6.196101] scsi 2:0:0:0: Direct-Access     VBOX     HARDDISK         1.0  PQ: 0 ANSI: 5
[    6.207572] scsi target2:0:0: Beginning Domain Validation
[    6.217632] scsi target2:0:0: Domain Validation skipping write tests
[    6.224956] scsi target2:0:0: Ending Domain Validation
[    6.231229] scsi target2:0:0: asynchronous
[    6.236888] scsi 2:0:1:0: Direct-Access     VBOX     HARDDISK         1.0  PQ: 0 ANSI: 5
[    6.254987] scsi target2:0:1: Beginning Domain Validation
[    6.357062] scsi target2:0:1: Domain Validation skipping write tests
[    6.426149] scsi target2:0:1: Ending Domain Validation
[    6.507079] scsi target2:0:1: asynchronous
[    6.668461] tsc: Refined TSC clocksource calibration: 2591.334 MHz
[    6.673442] clocksource: tsc: mask: 0xffffffffffffffff max_cycles: 0x255a417ef5a, max_idle_ns: 440795209018 ns
[    6.690890] sd 2:0:0:0: Attached scsi generic sg0 type 0
[    6.695564] sd 2:0:0:0: [sda] 20971520 512-byte logical blocks: (10.7 GB/10.0 GiB)
[    6.704306] sd 2:0:1:0: [sdb] 20480 512-byte logical blocks: (10.5 MB/10.0 MiB)
[    6.711113] sd 2:0:1:0: Attached scsi generic sg1 type 0
[    6.725103] sd 2:0:0:0: [sda] Write Protect is off
[    6.729263] sd 2:0:1:0: [sdb] Write Protect is off
[    6.733912] sd 2:0:0:0: [sda] Incomplete mode parameter data
[    6.738565] sd 2:0:0:0: [sda] Assuming drive cache: write through
[    6.751287] sd 2:0:1:0: [sdb] Incomplete mode parameter data
[    6.755762] sd 2:0:1:0: [sdb] Assuming drive cache: write through
[    6.809250]  sda: sda1
[    6.813803] sd 2:0:0:0: [sda] Attached SCSI disk
[    6.827494] sd 2:0:1:0: [sdb] Attached SCSI disk
[    7.067291] e1000 0000:00:08.0 eth1: (PCI:33MHz:32-bit) 08:00:27:c4:e2:74
[    7.074912] e1000 0000:00:08.0 eth1: Intel(R) PRO/1000 Network Connection
[    7.086258] e1000 0000:00:03.0 enp0s3: renamed from eth0
[    7.095828] e1000 0000:00:08.0 enp0s8: renamed from eth1
Begin: Loading essential drivers ... [    9.920988] md: linear personality registered for level -1
[    9.937666] md: multipath personality registered for level -4
[    9.954555] md: raid0 personality registered for level 0
[    9.974713] md: raid1 personality registered for level 1
[   10.067678] raid6: sse2x1   gen()   875 MB/s
[   10.135383] raid6: sse2x1   xor()   453 MB/s
[   10.207773] raid6: sse2x2   gen()  1450 MB/s
[   10.279768] raid6: sse2x2   xor()   872 MB/s
[   10.351516] raid6: sse2x4   gen()  2570 MB/s
[   10.419204] raid6: sse2x4   xor()  1519 MB/s
[   10.422870] raid6: using algorithm sse2x4 gen() 2570 MB/s
[   10.427284] raid6: .... xor() 1519 MB/s, rmw enabled
[   10.431422] raid6: using ssse3x2 recovery algorithm
[   10.441279] xor: automatically using best checksumming function:
[   10.483246]    avx       :  6902.000 MB/sec
[   10.492265] async_tx: api initialized (async)
[   10.532914] md: raid6 personality registered for level 6
[   10.537292] md: raid5 personality registered for level 5
[   10.541682] md: raid4 personality registered for level 4
[   10.569382] md: raid10 personality registered for level 10
done.
Begin: Running /scripts/init-premount ... done.
Begin: Mounting root file system ... Begin: Running /scripts/local-top ... done.
Begin: Running /scripts/local-premount ... [   10.719732] Btrfs loaded
Scanning for Btrfs filesystems
done.
Warning: fsck not present, so skipping root file system
[   10.907494] EXT4-fs (sda1): mounted filesystem with ordered data mode. Opts: (null)
done.
Begin: Running /scripts/local-bottom ... done.
Begin: Running /scripts/init-bottom ... done.
[   11.886396] random: nonblocking pool is initialized
[   11.908012] systemd[1]: systemd 229 running in system mode. (+PAM +AUDIT +SELINUX +IMA +APPARMOR +SMACK +SYSVINIT +UTMP +LIBCRYPTSETUP +GCRYPT +GNUTLS +ACL +XZ -LZ4 +SECCOMP +BLKID +ELFUTILS +KMOD -IDN)
[   11.928914] systemd[1]: Detected virtualization oracle.
[   11.933962] systemd[1]: Detected architecture x86-64.

Welcome to [1mUbuntu 16.04.5 LTS[0m!

[   12.022091] systemd[1]: Set hostname to <ubuntu>.
[   12.102125] systemd[1]: Initializing machine ID from random generator.
[   12.109852] systemd[1]: Installed transient /etc/machine-id file.
[   13.474951] systemd[1]: Started Forward Password Requests to Wall Directory Watch.
[[0;32m  OK  [0m] Started Forward Password Requests to Wall Directory Watch.
[   13.487782] systemd[1]: Listening on LVM2 poll daemon socket.
[[0;32m  OK  [0m] Listening on LVM2 poll daemon socket.
[   13.497148] systemd[1]: Reached target Encrypted Volumes.
[[0;32m  OK  [0m] Reached target Encrypted Volumes.
[   13.506295] systemd[1]: Listening on udev Control Socket.
[[0;32m  OK  [0m] Listening on udev Control Socket.
[   13.515523] systemd[1]: Listening on udev Kernel Socket.
[[0;32m  OK  [0m] Listening on udev Kernel Socket.
[   13.524306] systemd[1]: Reached target Swap.
[[0;32m  OK  [0m] Reached target Swap.
[   13.532519] systemd[1]: Set up automount Arbitrary Executable File Formats File System Automount Point.
[[0;32m  OK  [0m] Set up automount Arbitrary Executab...ats File System Automount Point.
[   13.546574] systemd[1]: Reached target System Time Synchronized.
[[0;32m  OK  [0m] Reached target System Time Synchronized.
[   13.557599] systemd[1]: Created slice System Slice.
[[0;32m  OK  [0m] Created slice System Slice.
[   13.566167] systemd[1]: Listening on Syslog Socket.
[[0;32m  OK  [0m] Listening on Syslog Socket.
[   13.574428] systemd[1]: Listening on /dev/initctl Compatibility Named Pipe.
[[0;32m  OK  [0m] Listening on /dev/initctl Compatibility Named Pipe.
[   13.585251] systemd[1]: Reached target User and Group Name Lookups.
[[0;32m  OK  [0m] Reached target User and Group Name Lookups.
[   13.596827] systemd[1]: Created slice system-serial\x2dgetty.slice.
[[0;32m  OK  [0m] Created slice system-serial\x2dgetty.slice.
[   13.607092] systemd[1]: Started Trigger resolvconf update for networkd DNS.
[[0;32m  OK  [0m] Started Trigger resolvconf update for networkd DNS.
[   13.618267] systemd[1]: Listening on Device-mapper event daemon FIFOs.
[[0;32m  OK  [0m] Listening on Device-mapper event daemon FIFOs.
[   13.628815] systemd[1]: Listening on Journal Socket.
[[0;32m  OK  [0m] Listening on Journal Socket.
[   13.640424] systemd[1]: Starting Set console keymap...
         Starting Set console keymap...
[   13.653382] systemd[1]: Mounting Huge Pages File System...
         Mounting Huge Pages File System...
[   13.667290] systemd[1]: Starting Nameserver information manager...
         Starting Nameserver information manager...
[   13.718415] systemd[1]: Mounting Debug File System...
         Mounting Debug File System...
[   13.738127] systemd[1]: Starting Uncomplicated firewall...
         Starting Uncomplicated firewall...
[   13.792169] systemd[1]: Starting Remount Root and Kernel File Systems...
         Starting Remount Root and Kernel File Systems...
[   13.827761] systemd[1]: Starting Load Kernel Modules...
         Starting Load Kernel Modules...
[   13.852468] systemd[1]: Created slice User and Session Slice.
[   13.859289] EXT4-fs (sda1): re-mounted. Opts: (null)
[[0;32m  OK  [0m] Created slice User and Session Slice.
[   13.878580] systemd[1]: Reached target Slices.
[[0;32m  OK  [0m] Reached target Slices.
[   13.896250] systemd[1]: Listening on Journal Socket (/dev/log).
[[0;32m  OK  [0m] Listening on Journal Socket (/dev/log).
[   13.927536] systemd[1]: Listening on LVM2 metadata daemon socket.
[[0;32m  OK  [0m] Listening on LVM2 metadata daemon socket.
[   13.960205] systemd[1]: Starting Monitoring of LVM2 mirrors, snapshots etc. using dmeventd or progress polling...
         Starting Monitoring of LVM2 mirrors... dmeventd or progress polling...
[   13.996498] systemd[1]: Listening on Journal Audit Socket.
[[0;32m  OK  [0m] Listening on Journal Audit Socket.
[   14.014070] systemd[1]: Starting Journal Service...
         Starting Journal Service...
[   14.053002] systemd[1]: Starting Create list of required static device nodes for the current kernel...
         Starting Create list of required st... nodes for the current kernel...
[   14.104107] systemd[1]: Mounting POSIX Message Queue File System...
         Mounting POSIX Message Queue File System...
[   14.165821] systemd[1]: Mounted Huge Pages File System.
[[0;32m  OK  [0m] Mounted Huge Pages File System.
[   14.199921] systemd[1]: Mounted POSIX Message Queue File System.
[   14.209416] Loading iSCSI transport class v2.0-870.
[[0;32m  OK  [0m] Mounted POSIX Message Queue File System.
[   14.228073] systemd[1]: Mounted Debug File System.
[[0;32m  OK  [0m] Mounted Debug File System.
[   14.269907] systemd[1]: Started Uncomplicated firewall.
[[0;32m  OK  [0m] Started Uncomplicated firewall.
[   14.301674] systemd[1]: Started Remount Root and Kernel File Systems.
[[0;32m  OK  [0m] Started Remount Root and Kernel File Systems.
[   14.326036] systemd[1]: Started Create list of required static device nodes for the current kernel.
[[0;32m  OK  [0m] Started Create list of required sta...ce nodes for the current kernel.
[   14.371661] systemd[1]: Started Nameserver information manager.
[[0;32m  OK  [0m] Started Nameserver information manager.
[   14.396190] iscsi: registered transport (tcp)
[   14.729751] systemd[1]: Started Journal Service.
[[0;32m  OK  [0m] Started Journal Service.
[   14.959946] iscsi: registered transport (iser)
[[0;32m  OK  [0m] Started LVM2 metadata daemon.
         Starting Create Static Device Nodes in /dev...
         Starting Flush Journal to Persistent Storage...
         Starting Load/Save Random Seed...
         Starting udev Coldplug all Devices...
[[0;32m  OK  [0m] Started Load Kernel Modules.
[[0;32m  OK  [0m] Started Load/Save Random Seed.
[[0;32m  OK  [0m] Started Create Static Device Nodes in /dev.
[[0;32m  OK  [0m] Started Monitoring of LVM2 mirrors,...ng dmeventd or progress polling.
[   15.495568] systemd-journald[395]: Received request to flush runtime journal from PID 1
         Starting udev Kernel Device Manager...
         Mounting FUSE Control File System...
         Starting Apply Kernel Variables...
[[0;32m  OK  [0m] Mounted FUSE Control File System.
[[0;32m  OK  [0m] Started Set console keymap.
[[0;32m  OK  [0m] Started Flush Journal to Persistent Storage.
[[0;32m  OK  [0m] Started Apply Kernel Variables.
[[0;32m  OK  [0m] Started udev Kernel Device Manager.
[[0;32m  OK  [0m] Reached target Local File Systems (Pre).
[[0;32m  OK  [0m] Reached target Local File Systems.
         Starting Commit a transient machine-id on disk...
         Starting Initial cloud-init job (pre-networking)...
         Starting Tell Plymouth To Write Out Runtime Data...
         Starting LSB: AppArmor initialization...
         Starting Create Volatile Files and Directories...
         Starting Set console font and keymap...
[[0;32m  OK  [0m] Started Commit a transient machine-id on disk.
[[0;32m  OK  [0m] Started Tell Plymouth To Write Out Runtime Data.
[[0;32m  OK  [0m] Started udev Coldplug all Devices.
[[0;32m  OK  [0m] Started Create Volatile Files and Directories.
         Starting Update UTMP about System Boot/Shutdown...
[[0;32m  OK  [0m] Started Dispatch Password Requests to Console Directory Watch.
[[0;32m  OK  [0m] Started Update UTMP about System Boot/Shutdown.
[[0;32m  OK  [0m] Found device /dev/ttyS0.
[[0;32m  OK  [0m] Listening on Load/Save RF Kill Switch Status /dev/rfkill Watch.
[   27.604907] cloud-init[486]: Cloud-init v. 18.4-0ubuntu1~16.04.2 running 'init-local' at Mon, 21 Jan 2019 23:52:10 +0000. Up 23.84 seconds.
[[0;32m  OK  [0m] Started Set console font and keymap.
[[0;32m  OK  [0m] Started Initial cloud-init job (pre-networking).
[[0;32m  OK  [0m] Reached target Network (Pre).
[[0;32m  OK  [0m] Created slice system-getty.slice.
[   [0;31m*[0;1;31m*[0m[0;31m*[0m] A start job is running for LSB: App... initialization (21s / no limit)[K[[0;32m  OK  [0m] Started LSB: AppArmor initialization.
         Starting Raise network interfaces...
[[0;32m  OK  [0m] Started Raise network interfaces.
         Starting Initial cloud-init job (metadata service crawler)...
[[0;32m  OK  [0m] Reached target Network.
[   43.549703] cloud-init[949]: Cloud-init v. 18.4-0ubuntu1~16.04.2 running 'init' at Mon, 21 Jan 2019 23:52:23 +0000. Up 36.58 seconds.
[   43.569713] cloud-init[949]: ci-info: ++++++++++++++++++++++++++++++++++++++Net device info+++++++++++++++++++++++++++++++++++++++
[   43.590294] cloud-init[949]: ci-info: +--------+-------+----------------------------+---------------+--------+-------------------+
[   43.613638] cloud-init[949]: ci-info: | Device |   Up  |          Address           |      Mask     | Scope  |     Hw-Address    |
[   43.633880] cloud-init[949]: ci-info: +--------+-------+----------------------------+---------------+--------+-------------------+
[   43.654203] cloud-init[949]: ci-info: | enp0s3 |  True |         10.0.2.15          | 255.255.255.0 | global | 02:e9:22:0c:6f:83 |
[   43.677690] cloud-init[949]: ci-info: | enp0s3 |  True | fe80::e9:22ff:fe0c:6f83/64 |       .       |  link  | 02:e9:22:0c:6f:83 |
[   43.697649] cloud-init[949]: ci-info: | enp0s8 | False |             .              |       .       |   .    | 08:00:27:c4:e2:74 |
[   43.721634] cloud-init[949]: ci-info: |   lo   |  True |         127.0.0.1          |   255.0.0.0   |  host  |         .         |
[   43.742009] cloud-init[949]: ci-info: |   lo   |  True |          ::1/128           |       .       |  host  |         .         |
[   43.761640] cloud-init[949]: ci-info: +--------+-------+----------------------------+---------------+--------+-------------------+
[   43.777509] cloud-init[949]: ci-info: +++++++++++++++++++++++++++Route IPv4 info++++++++++++++++++++++++++++
[   43.789808] cloud-init[949]: ci-info: +-------+-------------+----------+---------------+-----------+-------+
[   43.805499] cloud-init[949]: ci-info: | Route | Destination | Gateway  |    Genmask    | Interface | Flags |
[   43.817635] cloud-init[949]: ci-info: +-------+-------------+----------+---------------+-----------+-------+
[   43.846430] cloud-init[949]: ci-info: |   0   |   0.0.0.0   | 10.0.2.2 |    0.0.0.0    |   enp0s3  |   UG  |
[   43.873407] cloud-init[949]: ci-info: |   1   |   10.0.2.0  | 0.0.0.0  | 255.255.255.0 |   enp0s3  |   U   |
[   43.889065] cloud-init[949]: ci-info: +-------+-------------+----------+---------------+-----------+-------+
[   43.910300] cloud-init[949]: ci-info: +++++++++++++++++++Route IPv6 info+++++++++++++++++++
[[0;32m  OK  [0m] [   43.933451] cloud-init[949]: ci-info: +-------+-------------+---------+-----------+-------+Started Initial cloud-init job (metadata service crawler).

[   43.954029] cloud-init[949]: ci-info: | Route | Destination | Gateway | Interface | Flags |
[   43.969081] cloud-init[949]: ci-info: +-------+-------------+---------+-----------+-------+[[0;32m  OK  [0m] Reached target System Initialization.
[[0;32m  OK  [0m] 
[   43.980927] cloud-init[949]: ci-info: |   0   |  fe80::/64  |    ::   |   enp0s3  |   U   |Listening on UUID daemon activation socket.

[   43.991529] cloud-init[949]: ci-info: |   4   |   ff00::/8  |    ::   |   enp0s3  |   U   |
[   43.998836] cloud-init[949]: ci-info: +-------+-------------+---------+-----------+-------+
[   44.005611] cloud-init[949]: Generating public/private rsa key pair.
[   44.011646] cloud-init[949]: Your identification has been saved in /etc/ssh/ssh_host_rsa_key.
[[0;32m  OK  [0m[   44.025388] cloud-init[949]: Your public key has been saved in /etc/ssh/ssh_host_rsa_key.pub.] Started ACPI Events Check.
[
[   44.041479] cloud-init[0;32m  OK  [0m] Reached target Paths.[949]: The key fingerprint is:
[   44.051685] 
[[0;32m  OK  [0m] cloud-init[949]: SHA256:BmZuEvYq0nNnpmuolyq2K6UGHeeNV9DQNCRi7jO/1jQ root@ubuntu-xenialListening on D-Bus System Message Bus Socket.
[   44.068697] cloud-init[949]: 
The key's randomart image is:
[   44.077362] cloud-init[949]: +---[RSA 2048]----+         
[   44.089037] cloud-init[949]: |    o o*+        |Starting LXD - unix socket.
[[0;32m  OK  [0m
[   44.097980] cloud-init[949]: ] Started Daily apt download activities.
|   o ...o.       |
[[0;32m  OK  [0m] Started Daily apt upgrade and clean activities.[   44.107415] cloud-init[949]: |    + +.         |
[   44.118513] cloud-init
[[0;32m  OK  [0m] Listening on ACPID Listen Socket.[949]: |  .o.* ..        |
[   44.128024] 
[[0;32m  OK  [0m] Started Daily Cleanup of Temporary Directories.cloud-init[949]: | . +=o+.S        |
[   44.137021] cloud-init[949]: |..o oBo.E        |
[[0;32m  OK  [0m] Reached target Timers.

[   44.144872] cloud-init[949]: |oo+oo.=o .       |
         Starting Socket activation for snappy daemon.[   44.152836] cloud-init[949]: |++++.=...        |

[[0;32m  OK  [0m] Reached target Cloud-config availability.[   44.162096] cloud-init[949]: 
[[0;32m  OK  [0m] Reached target Network is Online.
|B*o.oo.          |
[   44.170156] cloud-init[949]: +----[SHA256]-----+
[   44.177349] cloud-init[949]:          Starting iSCSI initiator daemon (iscsid)...
Generating public/private dsa key pair.
[   44.188725] cloud-init[949]: Your identification has been saved in /etc/ssh/ssh_host_dsa_key.[[0;32m  OK  [0m] Listening on LXD - unix socket.
[[0;32m  OK  [0m
[   44.202326] cloud-init[949]: ] Listening on Socket activation for snappy daemon.Your public key has been saved in /etc/ssh/ssh_host_dsa_key.pub.
[   44.215029] cloud-init
[949]: The key fingerprint is:
[   44.228792] cloud-init[949]: SHA256:ZDI/seRxbiKYAG/Hm7jXDxh2BcMOxlrKCGKNlctM3R8 root@ubuntu-xenial
[   44.252163] [[0;32m  OK  [0m] Reached target Sockets.
[[0;32m  OK  [0mcloud-init[949]: The key's randomart image is:
[   44.264932] cloud-init[949]: +---[DSA 1024]----+
[   44.268250] ] Reached target Basic System.
cloud-init[949]: |. +oo.+          |
[   44.278902] cloud-init[949]: |o= ==..+ E       |
[[0;32m  OK  [0m] Started Regular background program processing daemon.[   44.283845] cloud-init[949]: |+oB=+oo O o      |

[   44.304664] cloud-init[949]: |..+B =.X B       |
[   44.310353] cloud-init[949]: |  . B o S o      |
[   44.316600] cloud-init[949]: |   o = . +       |
[   44.321207] [[0;32m  OK  [0mcloud-init[949]: |  . o o          |] Started ACPI event daemon.
[[0;32m  OK  [0m] Started Unattended Upgrades Shutdown.

[   44.346248]          Starting Virtualbox guest utils...
[[0;32m  OK  [0m] Started Deferred execution scheduler.
cloud-init[[0;32m  OK  [0m] Started FUSE filesystem for LXC.
         Starting LSB: MD monitoring daemon...
[949]: |   .   o         |
         Starting Pollinate to seed the pseudo random number generator...
[   44.453483] cloud-init[949]: |        .        |
         Starting /etc/rc.local Compatibility...
[[0;32m  OK  [0m] Started D-Bus System Message Bus.
[   44.493106] cloud-init[949]: +----[SHA256]-----+
[   44.502000] cloud-init[949]: Generating public/private ecdsa key pair.
[   44.506689] cloud-init[949]: Your identification has been saved in /etc/ssh/ssh_host_ecdsa_key.
[   44.511170] cloud-init[949]: Your public key has been saved in /etc/ssh/ssh_host_ecdsa_key.pub.
[   44.515914] cloud-init[949]: The key fingerprint is:
[   44.519111] cloud-init[949]: SHA256:ha/LlnhssdfQTagdL/sOOzyxFQJ5qS4yBeaPOK6VYck root@ubuntu-xenial
[   44.526131] cloud-init[949]: The key's randomart image is:
[   44.541715] cloud-init[949]: +---[ECDSA 256]---+
[   44.555719] cloud-init[949]: |           . .   |
[   44.563252] cloud-init[949]: |      o  .o o    |
[   44.568911] cloud-init[949]: |     o .. .+ .   |
[   44.574104] cloud-init[949]: |   . .. .o. + o  |
[   44.578924] cloud-init[949]: |    E. +S..+ * . |
[   44.584413] cloud-init[949]: |   .oo+ +.+ = +  |
[   44.590099] cloud-init[949]: |   .o. =.= +.*   |
[   44.594760] cloud-init[949]: |   .. ..B.. Bo   |
[   44.600167] cloud-init[949]: |  ..   +o.  .=o  |
[   44.606677] cloud-init[949]: +----[SHA256]-----+
[   44.614975] cloud-init[949]: Generating public/private ed25519 key pair.
[   44.621862] cloud-init[949]: Your identification has been saved in /etc/ssh/ssh_host_ed25519_key.
[   44.630123] cloud-init[949]: Your public key has been saved in /etc/ssh/ssh_host_ed25519_key.pub.
[   44.637440] cloud-init[949]: The key fingerprint is:
[   44.642366] cloud-init[949]: SHA256:wfbsCy4jk3TK36howDXZgtVX6SWfajXTR1rDgUolBI8 root@ubuntu-xenial
[   44.654450] cloud-init[949]: The key's randomart image is:
[   44.660434] cloud-init[949]: +--[ED25519 256]--+
[   44.669933] cloud-init[949]: |    .   .o+o..o..|
[   44.675138] cloud-init[949]: |   . . o ooo.. = |
[   44.681626] cloud-init[949]: |  o o . =E=.+ + .|
[   44.687194] cloud-init[949]: | . = . . = B o . |
[   44.719329] cloud-init[949]: |. . o   S = o .  |
[   44.724052] cloud-init[949]: |..  . .  +       |
[   44.729443] cloud-init[949]: | . o +  o .      |
[   44.739206] cloud-init[949]: |  ..* o+ . .     |
[   44.743733] cloud-init[949]: | .. .=ooo .      |
[   44.749044] cloud-init[949]: +----[SHA256]-----+
         Starting System Logging Service...
         Starting Login Service...
         Starting Accounts Service...
         Starting Snappy daemon...
         Starting LSB: Record successful boot for GRUB...
         Starting LXD - container startup/shutdown...
[[0;32m  OK  [0m] Started /etc/rc.local Compatibility.
[[0;32m  OK  [0m] Started Login Service.
[[0;32m  OK  [0m] Started iSCSI initiator daemon (iscsid).
         Starting Login to default iSCSI targets...
[[0;32m  OK  [0m] Started LSB: Record successful boot for GRUB.
[[0;32m  OK  [0m] Started LSB: MD monitoring daemon.
[[0;32m  OK  [0m] Started System Logging Service.
[[0;32m  OK  [0m] Started Login to default iSCSI targets.
[[0;32m  OK  [0m] Reached target Remote File Systems (Pre).
[[0;32m  OK  [0m] Reached target Remote File Systems.
         Starting LSB: daemon to balance interrupts for SMP systems...
         Starting LSB: automatic crash report generation...
         Starting LSB: Set the CPU Frequency Scaling governor to "ondemand"...
         Starting Permit User Sessions...
[[0;32m  OK  [0m] Started Permit User Sessions.
         Starting Hold until boot process finishes up...
         Starting Terminate Plymouth Boot Screen...
[[0;32m  OK  [0m] Started LSB: Set the CPU Frequency Scaling governor to "ondemand".
[[0;32m  OK  [0m] Started Hold until boot process finishes up.
[[0;32m  OK  [0m] Started Terminate Plymouth Boot Screen.
[[0;32m  OK  [0m] Started LSB: daemon to balance interrupts for SMP systems.
[[0;32m  OK  [0m] Started Serial Getty on ttyS0.
         Starting Set console scheme...
[[0;32m  OK  [0m] Started Getty on tty1.
[[0;32m  OK  [0m] Reached target Login Prompts.
[[0;32m  OK  [0m] Started LSB: automatic crash report generation.
[[0;32m  OK  [0m] Started Set console scheme.
         Starting Authenticate and Authorize Users to Run Privileged Tasks...
[[0;32m  OK  [0m] Started Virtualbox guest utils.
[[0;32m  OK  [0m] Started Authenticate and Authorize Users to Run Privileged Tasks.
[[0;32m  OK  [0m] Started Accounts Service.
[[0;32m  OK  [0m] Started Pollinate to seed the pseudo random number generator.
         Starting OpenBSD Secure Shell server...
[[0;32m  OK  [0m] Started LXD - container startup/shutdown.
[[0;32m  OK  [0m] Started OpenBSD Secure Shell server.
[[0;32m  OK  [0m] Started Snappy daemon.
         Starting Wait until snapd is fully seeded...
[[0;32m  OK  [0m] Created slice User Slice of vagrant.
[[0;32m  OK  [0m] Started Session 1 of user vagrant.
         Starting User Manager for UID 1000...

Ubuntu 16.04.5 LTS ubuntu-xenial ttyS0

ubuntu-xenial login: [   59.384517] cloud-init[1362]: Generating locales (this might take a while)...
[   72.682245] cloud-init[1362]:   en_US.UTF-8... done
[   72.688619] cloud-init[1362]: Generation complete.
[   76.269891] cloud-init[1362]: Cloud-init v. 18.4-0ubuntu1~16.04.2 running 'modules:config' at Mon, 21 Jan 2019 23:52:44 +0000. Up 57.94 seconds.
ci-info: no authorized ssh keys fingerprints found for user ubuntu.
<14>Jan 21 23:53:06 ec2: 
<14>Jan 21 23:53:06 ec2: #############################################################
<14>Jan 21 23:53:06 ec2: -----BEGIN SSH HOST KEY FINGERPRINTS-----
<14>Jan 21 23:53:06 ec2: 1024 SHA256:ZDI/seRxbiKYAG/Hm7jXDxh2BcMOxlrKCGKNlctM3R8 root@ubuntu-xenial (DSA)
<14>Jan 21 23:53:06 ec2: 256 SHA256:ha/LlnhssdfQTagdL/sOOzyxFQJ5qS4yBeaPOK6VYck root@ubuntu-xenial (ECDSA)
<14>Jan 21 23:53:06 ec2: 256 SHA256:wfbsCy4jk3TK36howDXZgtVX6SWfajXTR1rDgUolBI8 root@ubuntu-xenial (ED25519)
<14>Jan 21 23:53:06 ec2: 2048 SHA256:BmZuEvYq0nNnpmuolyq2K6UGHeeNV9DQNCRi7jO/1jQ root@ubuntu-xenial (RSA)
<14>Jan 21 23:53:06 ec2: -----END SSH HOST KEY FINGERPRINTS-----
<14>Jan 21 23:53:06 ec2: #############################################################
-----BEGIN SSH HOST KEY KEYS-----
ecdsa-sha2-nistp256 AAAAE2VjZHNhLXNoYTItbmlzdHAyNTYAAAAIbmlzdHAyNTYAAABBBNyMg9ga3m3HsUm1YcSUf9VmGDhXVQbd7tjX4ilTvNOQzg60ojWqbAElupcdcH1PrgpdfZ1m6Ps6yXzFIPpqs0k= root@ubuntu-xenial
ssh-ed25519 AAAAC3NzaC1lZDI1NTE5AAAAIML7UrnNrOGtNNrkjteJc7n8Z67ZNFJ0t2CaQy3DTWnE root@ubuntu-xenial
ssh-rsa AAAAB3NzaC1yc2EAAAADAQABAAABAQDJY6/cgAA4f43aPza7lcMjwoaAND29KNSeOPdQfjV/7KZ6Zgt6TycMXE6N3bv7XV3cHulFcziwck8BsvbL8fInO1S1PrQbBTe9qladnDN78S38Wz8+gtGeW1BhSQToMVmyqHna5HgvnIRytB6G1feQEvEnwVPcqKRQnyOuR+pF4BufYh44Xt5NJPIeM5jbNHpMgQOHoY1hOhZT2suEZG8h3UIG60x+f0ivs7RiFwz9iDkmYe9UeieSE+f7keorOkhMj+bw00LchLzGOdAIKOU0PDDVQ2mflWkCPktMqcj5IKD0D1bBf4CCyQUSK6w+QsEItMOSR48eTQK7WkkUseB3 root@ubuntu-xenial
-----END SSH HOST KEY KEYS-----
[   80.568046] cloud-init[1571]: Cloud-init v. 18.4-0ubuntu1~16.04.2 running 'modules:final' at Mon, 21 Jan 2019 23:53:05 +0000. Up 79.11 seconds.
[   80.585491] cloud-init[1571]: ci-info: no authorized ssh keys fingerprints found for user ubuntu.
[   80.605722] cloud-init[1571]: Cloud-init v. 18.4-0ubuntu1~16.04.2 finished at Mon, 21 Jan 2019 23:53:06 +0000. Datasource DataSourceNoCloud [seed=/dev/sdb][dsmode=net].  Up 80.51 seconds
